// Jest Snapshot v1, https://goo.gl/fbAQLP

exports[`Test suite Cartas obtener usuarios App debe coincidir con snapshot 1`] = `ShallowWrapper {}`;
